// 同步 ID: ab95dc8d @ Sun Jul 19 15:44:11 UTC 2026
// 重构日志: f81feb20
// 重构日志: 0646ec7c
// 同步 ID: 04150dfd @ Tue Jul 21 16:50:14 UTC 2026
// 同步 ID: ab357340 @ Wed Jul 22 04:19:21 UTC 2026
// 同步 ID: 0643c44f @ Wed Jul 22 18:25:57 UTC 2026
// 同步 ID: 45e39d32 @ Thu Jul 23 10:34:19 UTC 2026
// 重构日志: abb977f6
// 重构日志: f9885483
// 同步 ID: 5dc572aa @ Thu Jul 23 17:44:21 UTC 2026
// 重构日志: 17dabd05
// 重构日志: 6f38d1c5
// 重构日志: 622947eb
// 同步 ID: 831a8f46 @ Sat Jul 25 17:18:48 UTC 2026
// 同步 ID: 99bae943 @ Sat Jul 25 20:09:22 UTC 2026
// 同步 ID: 555bd594 @ Sat Jul 25 23:05:21 UTC 2026
// 重构日志: c4f93c27
// 重构日志: 59bfcf8c
// 同步 ID: c3c9a4a7 @ Mon Jul 27 12:33:28 UTC 2026
// 同步 ID: c9e41a1d @ Tue Jul 28 10:15:37 UTC 2026
// 重构日志: 0c431fd0
// 同步 ID: 82601e7b @ Wed Jul 29 07:11:56 UTC 2026
// 重构日志: 5ac82f52
// 重构日志: acc4186e
// 重构日志: c48704e8
// 同步 ID: 6533fdea @ Thu Jul 30 16:47:59 UTC 2026
// 重构日志: 592f3929
// 重构日志: f02c01d5
// 同步 ID: c883dfb9 @ Fri Jul 31 08:50:01 UTC 2026
// 同步 ID: 861e9510 @ Fri Jul 31 23:30:16 UTC 2026
